export const snapshot = {};

snapshot[`golden: scrum_orient handler output 1`] = `
\`{
  "platform_state": {
    "fields": {
      "status": {
        "exists": true,
        "options": [
          "Backlog",
          "Ready",
          "In Progress",
          "In Review",
          "Blocked",
          "Done"
        ]
      },
      "sprint": {
        "exists": true
      },
      "story_points": {
        "exists": true
      },
      "priority": {
        "exists": true,
        "options": [
          "Must",
          "Should",
          "Could",
          "Won't"
        ]
      },
      "type_field": {
        "exists": true,
        "configured": true
      }
    },
    "iterations": {
      "active": {
        "id": "IT_fake_active",
        "name": "Sprint 1",
        "goal": "Config-shaped fake sprint",
        "start_date": "2026-01-01",
        "end_date": "2026-01-15",
        "duration_days": 14,
        "days_elapsed": "[COMPUTED]",
        "days_remaining": "[COMPUTED]",
        "time_elapsed_pct": "[COMPUTED]"
      },
      "next": {
        "id": "IT_fake_next",
        "name": "Sprint 2",
        "start_date": "2026-01-15",
        "end_date": "2026-01-29",
        "duration_days": 14,
        "days_elapsed": "[COMPUTED]",
        "days_remaining": "[COMPUTED]",
        "time_elapsed_pct": "[COMPUTED]"
      },
      "completed_count": 0
    },
    "epics": {
      "active": [
        {
          "ref": {
            "id": "MI_fake_epic"
          },
          "name": "Config Epic",
          "status": "open",
          "open_item_count": 1
        }
      ],
      "total_count": 1
    },
    "template_uris": {
      "bug": "scrum://template/bug",
      "tech_debt": "scrum://template/tech_debt",
      "spike": "scrum://template/spike",
      "user_story": "scrum://template/user_story",
      "impediment": "scrum://template/impediment"
    }
  },
  "vocabulary": {
    "status": {
      "backlog": "Backlog",
      "ready": "Ready",
      "in_progress": "In Progress",
      "in_review": "In Review",
      "blocked": "Blocked",
      "done": "Done"
    },
    "priority": {
      "p0": "Must",
      "p1": "Should",
      "p2": "Could",
      "p3": "Won't"
    },
    "type": {
      "user_story": "User Story",
      "bug": "Bug",
      "tech_debt": "Tech Debt",
      "spike": "Spike",
      "impediment": "Impediment"
    },
    "story_points": {
      "scale": "fibonacci",
      "values": [
        1,
        2,
        3,
        5,
        8
      ]
    },
    "sprint": {
      "duration_days": 14,
      "velocity_window": 4,
      "length_weeks": 2
    },
    "team": [
      {
        "name": "Hoon Kim",
        "role": "product_owner",
        "contact": "hoon@example.com"
      }
    ],
    "dor": [
      "Written as a user story (who / what / why)",
      "Acceptance criteria defined and agreed by the team",
      "Estimated in story points",
      "Dependencies identified and de-risked",
      "Completable within one sprint"
    ],
    "dod": [
      "Code or output reviewed and approved by the team",
      "All acceptance criteria met and verified",
      "Documentation updated for the shared knowledge space"
    ],
    "autonomy": {
      "require_confirmation_above_n_items": 5
    }
  }
}\`
`;

snapshot[`golden: scrum_get_sprint_data handler output 1`] = `
'{
  "sprint": {
    "id": "IT_fake_active",
    "name": "Sprint 1",
    "goal": "Config-shaped fake sprint",
    "start_date": "2026-01-01",
    "duration_days": 14,
    "end_date": "2026-01-15"
  },
  "summary": {
    "total_count": 1,
    "active_count": 1,
    "done_count": 0,
    "total_points": 3,
    "done_points": 0,
    "remaining_points": 3,
    "blocked_count": 0,
    "unassigned_count": 0
  }
}'
`;

snapshot[`golden: scrum_find_items handler output 1`] = `
'{
  "items": [
    {
      "ref": {
        "id": "PVTI_fake_1",
        "key": "101"
      },
      "title": "Config-shaped fixture story",
      "type": "user_story",
      "status": "In Progress",
      "story_points": 3
    }
  ],
  "total_count": 1,
  "scope_summary": {
    "sprint_count": 1,
    "backlog_count": 0
  },
  "fields_mode": "compact"
}'
`;
