export const snapshot = {};

snapshot[`golden: scrum_orient handler output 1`] = `
\`{
  "warnings": [],
  "platform_state": {
    "fields": {
      "status": {
        "exists": true,
        "options": [
          "Backlog",
          "Ready",
          "In Progress",
          "In Review",
          "Blocked",
          "Done"
        ],
        "missing_options": []
      },
      "sprint": {
        "exists": true
      },
      "story_points": {
        "exists": true
      },
      "priority": {
        "exists": true,
        "options": [
          "Must",
          "Should",
          "Could",
          "Won't"
        ],
        "missing_options": []
      },
      "type_field": {
        "exists": true,
        "configured": true
      }
    },
    "missing_options": [],
    "labels": {
      "existing": [],
      "expected": [],
      "missing": []
    },
    "iterations": {
      "active": {
        "id": "IT_fake_active",
        "name": "Sprint 1",
        "goal": "Config-shaped fake sprint",
        "start_date": "2026-01-01",
        "end_date": "2026-01-15",
        "duration_days": 14,
        "days_elapsed": "[COMPUTED]",
        "days_remaining": "[COMPUTED]",
        "time_elapsed_pct": "[COMPUTED]"
      },
      "next": {
        "id": "IT_fake_next",
        "name": "Sprint 2",
        "goal": null,
        "start_date": "2026-01-15",
        "end_date": "2026-01-29",
        "duration_days": 14,
        "days_elapsed": "[COMPUTED]",
        "days_remaining": "[COMPUTED]",
        "time_elapsed_pct": "[COMPUTED]"
      },
      "completed_count": 0
    },
    "epics": {
      "active": [
        {
          "ref": {
            "id": "MI_fake_epic"
          },
          "name": "Config Epic",
          "description": null,
          "status": "open",
          "open_item_count": 1
        }
      ],
      "total_count": 1
    },
    "template_uris": null,
    "deadline_field": null
  },
  "vocabulary": {
    "status": {
      "backlog": "Backlog",
      "ready": "Ready",
      "in_progress": "In Progress",
      "in_review": "In Review",
      "blocked": "Blocked",
      "done": "Done"
    },
    "priority": {
      "p0": "Must",
      "p1": "Should",
      "p2": "Could",
      "p3": "Won't"
    },
    "type": {
      "user_story": "User Story",
      "bug": "Bug",
      "tech_debt": "Tech Debt",
      "spike": "Spike",
      "impediment": "Impediment"
    },
    "story_points": {
      "scale": "fibonacci",
      "values": [
        1,
        2,
        3,
        5,
        8
      ]
    },
    "sprint": {
      "duration_days": 14,
      "velocity_window": 4,
      "length_weeks": 2
    },
    "team": null,
    "dor": null,
    "dod": null,
    "autonomy": null
  }
}\`
`;

snapshot[`golden: scrum_get_sprint_data handler output 1`] = `
'{
  "sprint": {
    "id": "IT_fake_active",
    "name": "Sprint 1",
    "goal": "Config-shaped fake sprint",
    "start_date": "2026-01-01",
    "duration_days": 14,
    "end_date": "2026-01-15"
  },
  "items": [
    {
      "id": "PVTI_fake_1",
      "number": 101,
      "title": "Config-shaped fixture story",
      "type": "user_story",
      "status": "Backlog",
      "story_points": 3,
      "has_assignee": true,
      "has_blockers": false,
      "completed_at": null
    }
  ]
}'
`;

snapshot[`golden: scrum_find_items handler output 1`] = `
'{
  "items": [
    {
      "ref": {
        "id": "PVTI_fake_1",
        "key": "101"
      },
      "title": "Config-shaped fixture story",
      "status": "In Progress",
      "story_points": 3,
      "blocked_by": []
    }
  ],
  "total_count": 1
}'
`;
